
> ev-charging-sri-lanka@0.1.0 dev
> next dev

▲ Next.js 16.2.6 (Turbopack)
- Local:         http://localhost:3000
- Network:       http://192.168.8.207:3000
- Environments: .env.local
✓ Ready in 1281ms

 GET / 200 in 1373ms (next.js: 665ms, application-code: 708ms)
 GET /api/auto-sync 200 in 2.8s (next.js: 1905ms, application-code: 868ms)
 GET /api/auto-sync?force=true 200 in 94s (next.js: 7ms, application-code: 94s)
 GET / 200 in 115ms (next.js: 20ms, application-code: 96ms)
 GET /api/auto-sync 200 in 12.9s (next.js: 8ms, application-code: 12.9s)
✓ Compiled in 2.8s
 GET / 200 in 791ms (next.js: 65ms, application-code: 726ms)
 GET / 200 in 1153ms (next.js: 258ms, application-code: 894ms)
 GET / 200 in 271ms (next.js: 62ms, application-code: 209ms)
 GET / 200 in 865ms (next.js: 17ms, application-code: 848ms)
 GET /api/auto-sync 200 in 945ms (next.js: 203ms, application-code: 742ms)
✓ Compiled in 96ms
 GET / 200 in 434ms (next.js: 308ms, application-code: 127ms)
✓ Compiled in 106ms
 GET / 200 in 259ms (next.js: 184ms, application-code: 75ms)
✓ Compiled in 90ms
 GET / 200 in 302ms (next.js: 240ms, application-code: 62ms)
✓ Compiled in 198ms
 GET / 200 in 1107ms (next.js: 210ms, application-code: 897ms)
 GET / 200 in 199ms (next.js: 30ms, application-code: 169ms)
 GET / 200 in 802ms (next.js: 488ms, application-code: 315ms)
 GET / 200 in 833ms (next.js: 28ms, application-code: 805ms)
 GET /api/auto-sync 200 in 435ms (next.js: 196ms, application-code: 239ms)
✓ Compiled in 167ms
 GET / 200 in 977ms (next.js: 218ms, application-code: 759ms)
 GET / 200 in 151ms (next.js: 20ms, application-code: 130ms)
 GET / 200 in 986ms (next.js: 284ms, application-code: 702ms)
 GET / 200 in 74ms (next.js: 13ms, application-code: 61ms)
 GET /api/auto-sync 200 in 381ms (next.js: 161ms, application-code: 220ms)
✓ Compiled in 179ms
 GET / 200 in 1112ms (next.js: 248ms, application-code: 864ms)
 GET / 200 in 752ms (next.js: 13ms, application-code: 739ms)
 GET / 200 in 165ms (next.js: 43ms, application-code: 122ms)
 GET / 200 in 774ms (next.js: 123ms, application-code: 652ms)
 GET /api/auto-sync 200 in 384ms (next.js: 155ms, application-code: 229ms)
✓ Compiled in 157ms
 GET / 200 in 901ms (next.js: 209ms, application-code: 692ms)
 GET / 200 in 703ms (next.js: 109ms, application-code: 594ms)
 GET / 200 in 720ms (next.js: 27ms, application-code: 692ms)
 GET / 200 in 116ms (next.js: 10ms, application-code: 106ms)
 GET /api/auto-sync 200 in 377ms (next.js: 166ms, application-code: 210ms)
✓ Compiled in 96ms
✓ Compiled in 104ms
✓ Compiled in 109ms
 GET / 200 in 198ms (next.js: 151ms, application-code: 47ms)
✓ Compiled in 328ms
 GET / 200 in 1630ms (next.js: 273ms, application-code: 1357ms)
 GET / 200 in 502ms (next.js: 96ms, application-code: 406ms)
 GET / 200 in 1676ms (next.js: 375ms, application-code: 1302ms)
 GET /api/auto-sync 200 in 281ms (next.js: 90ms, application-code: 191ms)
✓ Compiled in 90ms
 GET / 200 in 452ms (next.js: 312ms, application-code: 140ms)
✓ Compiled in 62ms
 GET / 200 in 283ms (next.js: 215ms, application-code: 68ms)
✓ Compiled in 71ms
 GET / 200 in 281ms (next.js: 212ms, application-code: 69ms)
✓ Compiled in 50ms
 GET / 200 in 253ms (next.js: 193ms, application-code: 60ms)
✓ Compiled in 59ms
 GET / 200 in 324ms (next.js: 217ms, application-code: 107ms)
✓ Compiled in 59ms
 GET / 200 in 367ms (next.js: 272ms, application-code: 95ms)
✓ Compiled in 77ms
 GET / 200 in 273ms (next.js: 204ms, application-code: 70ms)
✓ Compiled in 72ms
⚠ Fast Refresh had to perform a full reload due to a runtime error.
 GET /api/auto-sync 200 in 305ms (next.js: 233ms, application-code: 72ms)
 GET / 200 in 919ms (next.js: 209ms, application-code: 710ms)
 GET /api/auto-sync 200 in 848ms (next.js: 10ms, application-code: 838ms)
✓ Compiled in 177ms
⚠ Fast Refresh had to perform a full reload due to a runtime error.
 GET / 200 in 827ms (next.js: 210ms, application-code: 616ms)
 GET /api/auto-sync 200 in 338ms (next.js: 114ms, application-code: 224ms)
✓ Compiled in 67ms
⚠ Fast Refresh had to perform a full reload due to a runtime error.
 GET / 200 in 516ms (next.js: 178ms, application-code: 338ms)
 GET /api/auto-sync 200 in 1051ms (next.js: 162ms, application-code: 889ms)
✓ Compiled in 69ms
 GET / 200 in 295ms (next.js: 215ms, application-code: 80ms)
 GET / 200 in 247ms (next.js: 5ms, application-code: 242ms)
 GET /api/auto-sync 200 in 236ms (next.js: 55ms, application-code: 180ms)
 GET /submit 200 in 1066ms (next.js: 1038ms, application-code: 28ms)
 GET /api/auto-sync 200 in 187ms (next.js: 7ms, application-code: 180ms)
 GET /api/auto-sync 200 in 175ms (next.js: 4ms, application-code: 171ms)
✓ Compiled in 78ms
✓ Compiled in 197ms
✓ Compiled in 192ms
✓ Compiled in 133ms
 GET / 200 in 62ms (next.js: 6ms, application-code: 55ms)
 GET /api/auto-sync 200 in 199ms (next.js: 4ms, application-code: 195ms)
 GET / 200 in 64ms (next.js: 4ms, application-code: 59ms)
 GET /api/auto-sync 200 in 179ms (next.js: 6ms, application-code: 173ms)
✓ Compiled in 157ms
✓ Compiled in 57ms
✓ Compiled in 111ms
 GET / 200 in 247ms (next.js: 171ms, application-code: 76ms)
✓ Compiled in 104ms
 GET / 200 in 233ms (next.js: 169ms, application-code: 64ms)
✓ Compiled in 89ms
 GET / 200 in 295ms (next.js: 221ms, application-code: 74ms)
✓ Compiled in 96ms
 GET / 200 in 313ms (next.js: 252ms, application-code: 61ms)
✓ Compiled in 109ms
 GET / 200 in 243ms (next.js: 180ms, application-code: 64ms)
✓ Compiled in 126ms
 GET / 200 in 268ms (next.js: 190ms, application-code: 79ms)
✓ Compiled in 145ms
 GET / 200 in 247ms (next.js: 185ms, application-code: 62ms)
✓ Compiled in 53ms
✓ Compiled in 59ms
✓ Compiled in 51ms
✓ Compiled in 61ms
✓ Compiled in 85ms
 GET / 200 in 295ms (next.js: 212ms, application-code: 83ms)
✓ Compiled in 132ms
 GET / 200 in 294ms (next.js: 211ms, application-code: 82ms)
✓ Compiled in 110ms
✓ Compiled in 98ms
✓ Compiled in 49ms
 GET / 200 in 155ms (next.js: 120ms, application-code: 35ms)
✓ Compiled in 45ms
 GET / 200 in 129ms (next.js: 98ms, application-code: 30ms)
✓ Compiled in 79ms
 GET / 200 in 151ms (next.js: 113ms, application-code: 39ms)
✓ Compiled in 40ms
 GET / 200 in 139ms (next.js: 101ms, application-code: 38ms)
✓ Compiled in 85ms
 GET / 200 in 143ms (next.js: 114ms, application-code: 29ms)
✓ Compiled in 36ms
 GET / 200 in 143ms (next.js: 113ms, application-code: 30ms)
✓ Compiled in 50ms
 GET / 200 in 153ms (next.js: 121ms, application-code: 32ms)
✓ Compiled in 79ms
⚠ Found a change in next.config.ts. Restarting the server to apply the changes...
▲ Next.js 16.2.6 (Turbopack)
- Local:         http://localhost:3000
- Network:       http://192.168.8.207:3000
- Environments: .env.local
✓ Ready in 636ms

⨯ ERROR: This build is using Turbopack, with a `webpack` config and no `turbopack` config.
   This may be a mistake.

   As of Next.js 16 Turbopack is enabled by default and
   custom webpack configurations may need to be migrated to Turbopack.

   NOTE: your `webpack` config may have been added by a configuration plugin.

   To configure Turbopack, see https://nextjs.org/docs/app/api-reference/next-config-js/turbopack

   TIP: Many applications work fine under Turbopack with no configuration,
   if that is the case for you, you can silence this error by passing the
   `--turbopack` or `--webpack` flag explicitly or simply setting an 
   empty turbopack config in your Next config file (e.g. `turbopack: {}`).
[?25h
